// Jest Snapshot v1, https://goo.gl/fbAQLP

exports[`Notification component should render without crashing 1`] = `
<div
  className="wrap-notif   "
>
  <div
    className="wrap-ico"
    onClick={[Function]}
  >
    <FontAwesomeIcon
      border={false}
      className="ico"
      fixedWidth={false}
      flip={null}
      icon={
        Object {
          "icon": Array [
            448,
            512,
            Array [],
            "f0f3",
            "M439.39 362.29c-19.32-20.76-55.47-51.99-55.47-154.29 0-77.7-54.48-139.9-127.94-155.16V32c0-17.67-14.32-32-31.98-32s-31.98 14.33-31.98 32v20.84C118.56 68.1 64.08 130.3 64.08 208c0 102.3-36.15 133.53-55.47 154.29-6 6.45-8.66 14.16-8.61 21.71.11 16.4 12.98 32 32.1 32h383.8c19.12 0 32-15.6 32.1-32 .05-7.55-2.61-15.27-8.61-21.71zM67.53 368c21.22-27.97 44.42-74.33 44.53-159.42 0-.2-.06-.38-.06-.58 0-61.86 50.14-112 112-112s112 50.14 112 112c0 .2-.06.38-.06.58.11 85.1 23.31 131.46 44.53 159.42H67.53zM224 512c35.32 0 63.97-28.65 63.97-64H160.03c0 35.35 28.65 64 63.97 64z",
          ],
          "iconName": "bell",
          "prefix": "far",
        }
      }
      inverse={false}
      listItem={false}
      mask={null}
      pull={null}
      pulse={false}
      rotation={null}
      size={null}
      spin={false}
      swapOpacity={false}
      symbol={false}
      title=""
      transform={null}
    />
    <div
      className="wrap-badge"
    >
      5
    </div>
  </div>
  <div
    className="wrap-dropdown"
  >
    <div
      className="list-box"
    >
      <div
        className="header"
      >
        <FontAwesomeIcon
          border={false}
          className="ico-header bell"
          fixedWidth={false}
          flip={null}
          icon={
            Object {
              "icon": Array [
                448,
                512,
                Array [],
                "f0f3",
                "M439.39 362.29c-19.32-20.76-55.47-51.99-55.47-154.29 0-77.7-54.48-139.9-127.94-155.16V32c0-17.67-14.32-32-31.98-32s-31.98 14.33-31.98 32v20.84C118.56 68.1 64.08 130.3 64.08 208c0 102.3-36.15 133.53-55.47 154.29-6 6.45-8.66 14.16-8.61 21.71.11 16.4 12.98 32 32.1 32h383.8c19.12 0 32-15.6 32.1-32 .05-7.55-2.61-15.27-8.61-21.71zM67.53 368c21.22-27.97 44.42-74.33 44.53-159.42 0-.2-.06-.38-.06-.58 0-61.86 50.14-112 112-112s112 50.14 112 112c0 .2-.06.38-.06.58.11 85.1 23.31 131.46 44.53 159.42H67.53zM224 512c35.32 0 63.97-28.65 63.97-64H160.03c0 35.35 28.65 64 63.97 64z",
              ],
              "iconName": "bell",
              "prefix": "far",
            }
          }
          inverse={false}
          listItem={false}
          mask={null}
          pull={null}
          pulse={false}
          rotation={null}
          size={null}
          spin={false}
          swapOpacity={false}
          symbol={false}
          title=""
          transform={null}
        />
        <h5
          className="txt-h5"
        >
          Notifications
        </h5>
        <FontAwesomeIcon
          border={false}
          className="ico-header read-all link-ico"
          data-testid="btn-markallread"
          fixedWidth={false}
          flip={null}
          icon={
            Object {
              "icon": Array [
                512,
                512,
                Array [],
                "f058",
                "M256 8C119.033 8 8 119.033 8 256s111.033 248 248 248 248-111.033 248-248S392.967 8 256 8zm0 48c110.532 0 200 89.451 200 200 0 110.532-89.451 200-200 200-110.532 0-200-89.451-200-200 0-110.532 89.451-200 200-200m140.204 130.267l-22.536-22.718c-4.667-4.705-12.265-4.736-16.97-.068L215.346 303.697l-59.792-60.277c-4.667-4.705-12.265-4.736-16.97-.069l-22.719 22.536c-4.705 4.667-4.736 12.265-.068 16.971l90.781 91.516c4.667 4.705 12.265 4.736 16.97.068l172.589-171.204c4.704-4.668 4.734-12.266.067-16.971z",
              ],
              "iconName": "check-circle",
              "prefix": "far",
            }
          }
          inverse={false}
          listItem={false}
          mask={null}
          pull={null}
          pulse={false}
          rotation={null}
          size={null}
          spin={false}
          swapOpacity={false}
          symbol={false}
          title="Mark all as read"
          transform={null}
        />
      </div>
      <div
        className="list"
      >
        <Link
          key="1010"
          rel="noopener noreferrer"
          target="_blank"
          to="/notifications/1010"
        >
          <div
            className="item "
          >
            <div
              className="prof-ico"
            >
              <img
                alt=""
                src="https://encrypted-tbn0.gstatic.com/images?q=tbn%3AANd9GcS0A816QQ7i-w2DLwWBdY0nmq8-lHCUlcUHBw&usqp=CAU"
              />
            </div>
            <div
              className="content"
            >
              <p>
                <span
                  className="txt-b txt-name"
                >
                  Dan Auerbach
                </span>
                <span>
                  commented 
                  Lorem ipsum dolor sit amet, consectetur adipiscing
                </span>
              </p>
              <p
                className="time"
              >
                15 September 2021
              </p>
            </div>
          </div>
        </Link>
        <Link
          key="1011"
          rel="noopener noreferrer"
          target="_blank"
          to="/notifications/1011"
        >
          <div
            className="item unread"
          >
            <div
              className="prof-ico"
            >
              <img
                alt=""
                src="https://i0.wp.com/worldbusinessfitness.com/wp-content/uploads/2018/06/opulent-profile-square-02.jpg"
              />
            </div>
            <div
              className="content"
            >
              <p>
                <span
                  className="txt-b txt-name"
                >
                  Mia Brian
                </span>
                <span>
                  commented 
                  sed do eiusmod tempor incididunt ut labore et dolore
                </span>
              </p>
              <p
                className="time"
              >
                8 October 2021
              </p>
            </div>
          </div>
        </Link>
        <Link
          key="1012"
          rel="noopener noreferrer"
          target="_blank"
          to="/notifications/1012"
        >
          <div
            className="item unread"
          >
            <div
              className="prof-ico"
            >
              <img
                alt=""
                src="https://www.nzherald.co.nz/resizer/qsciwSumABgKMvLjKYvh2TK1sGs=/360x384/filters:quality(70)/arc-anglerfish-syd-prod-nzme.s3.amazonaws.com/public/QZI5SNWLCJANLBVQHUDCEQTNTE.jpg"
              />
            </div>
            <div
              className="content"
            >
              <p>
                <span
                  className="txt-b txt-name"
                >
                  Emily Broemel
                </span>
                <span>
                  commented 
                  minim veniam, quis nostrud exercitation
                </span>
              </p>
              <p
                className="time"
              >
                20 October 2021
              </p>
            </div>
          </div>
        </Link>
        <Link
          key="1013"
          rel="noopener noreferrer"
          target="_blank"
          to="/notifications/1013"
        >
          <div
            className="item "
          >
            <div
              className="prof-ico"
            >
              <img
                alt=""
                src="https://encrypted-tbn0.gstatic.com/images?q=tbn%3AANd9GcQGfF_3ycXBYHLIC4NWYcovKN8W_dsy98dqQw&usqp=CAU"
              />
            </div>
            <div
              className="content"
            >
              <p>
                <span
                  className="txt-b txt-name"
                >
                  Dan Auerbach
                </span>
                <span>
                  commented 
                  Excepteur sint occaecat cupidatat non proident
                </span>
              </p>
              <p
                className="time"
              >
                18 April 2012
              </p>
            </div>
          </div>
        </Link>
        <Link
          key="1014"
          rel="noopener noreferrer"
          target="_blank"
          to="/notifications/1014"
        >
          <div
            className="item unread"
          >
            <div
              className="prof-ico"
            >
              <img
                alt=""
                src="https://uilove.in/realestate/listo/preview/img/demo/profile.jpg"
              />
            </div>
            <div
              className="content"
            >
              <p>
                <span
                  className="txt-b txt-name"
                >
                  Alex Lifeson
                </span>
                <span>
                  commented 
                  Lorem ipsum dolor sit amet, consectetur adipiscing
                </span>
              </p>
              <p
                className="time"
              >
                15 September 2021
              </p>
            </div>
          </div>
        </Link>
        <Link
          key="1015"
          rel="noopener noreferrer"
          target="_blank"
          to="/notifications/1015"
        >
          <div
            className="item "
          >
            <div
              className="prof-ico"
            >
              <img
                alt=""
                src="https://encrypted-tbn0.gstatic.com/images?q=tbn%3AANd9GcS0A816QQ7i-w2DLwWBdY0nmq8-lHCUlcUHBw&usqp=CAU"
              />
            </div>
            <div
              className="content"
            >
              <p>
                <span
                  className="txt-b txt-name"
                >
                  Dan Auerbach
                </span>
                <span>
                  commented 
                  Lorem ipsum dolor sit amet, consectetur adipiscing
                </span>
              </p>
              <p
                className="time"
              >
                15 September 2021
              </p>
            </div>
          </div>
        </Link>
        <Link
          key="1016"
          rel="noopener noreferrer"
          target="_blank"
          to="/notifications/1016"
        >
          <div
            className="item "
          >
            <div
              className="prof-ico"
            >
              <img
                alt=""
                src="https://i0.wp.com/worldbusinessfitness.com/wp-content/uploads/2018/06/opulent-profile-square-02.jpg"
              />
            </div>
            <div
              className="content"
            >
              <p>
                <span
                  className="txt-b txt-name"
                >
                  Mia Brian
                </span>
                <span>
                  commented 
                  sed do eiusmod tempor incididunt ut labore et dolore
                </span>
              </p>
              <p
                className="time"
              >
                8 October 2021
              </p>
            </div>
          </div>
        </Link>
        <Link
          key="1017"
          rel="noopener noreferrer"
          target="_blank"
          to="/notifications/1017"
        >
          <div
            className="item "
          >
            <div
              className="prof-ico"
            >
              <img
                alt=""
                src="https://www.eventiz.biz/wp-content/uploads/2015/12/speaker-3.jpg"
              />
            </div>
            <div
              className="content"
            >
              <p>
                <span
                  className="txt-b txt-name"
                >
                  Carl Broemel
                </span>
                <span>
                  commented 
                  minim veniam, quis nostrud exercitation
                </span>
              </p>
              <p
                className="time"
              >
                20 October 2021
              </p>
            </div>
          </div>
        </Link>
        <Link
          key="1018"
          rel="noopener noreferrer"
          target="_blank"
          to="/notifications/1018"
        >
          <div
            className="item "
          >
            <div
              className="prof-ico"
            >
              <img
                alt=""
                src="https://encrypted-tbn0.gstatic.com/images?q=tbn%3AANd9GcQGfF_3ycXBYHLIC4NWYcovKN8W_dsy98dqQw&usqp=CAU"
              />
            </div>
            <div
              className="content"
            >
              <p>
                <span
                  className="txt-b txt-name"
                >
                  Dan Auerbach
                </span>
                <span>
                  commented 
                  Excepteur sint occaecat cupidatat non proident
                </span>
              </p>
              <p
                className="time"
              >
                18 April 2012
              </p>
            </div>
          </div>
        </Link>
        <Link
          key="1019"
          rel="noopener noreferrer"
          target="_blank"
          to="/notifications/1019"
        >
          <div
            className="item unread"
          >
            <div
              className="prof-ico"
            >
              <img
                alt=""
                src="https://uilove.in/realestate/listo/preview/img/demo/profile.jpg"
              />
            </div>
            <div
              className="content"
            >
              <p>
                <span
                  className="txt-b txt-name"
                >
                  Alex Lifeson
                </span>
                <span>
                  commented 
                  Lorem ipsum dolor sit amet, consectetur adipiscing
                </span>
              </p>
              <p
                className="time"
              >
                15 September 2021
              </p>
            </div>
          </div>
        </Link>
        <Link
          key="1020"
          rel="noopener noreferrer"
          target="_blank"
          to="/notifications/1020"
        >
          <div
            className="item unread"
          >
            <div
              className="prof-ico"
            >
              <img
                alt=""
                src="https://encrypted-tbn0.gstatic.com/images?q=tbn%3AANd9GcS0A816QQ7i-w2DLwWBdY0nmq8-lHCUlcUHBw&usqp=CAU"
              />
            </div>
            <div
              className="content"
            >
              <p>
                <span
                  className="txt-b txt-name"
                >
                  Dan Auerbach
                </span>
                <span>
                  commented 
                  Lorem ipsum dolor sit amet, consectetur adipiscing
                </span>
              </p>
              <p
                className="time"
              >
                15 September 2021
              </p>
            </div>
          </div>
        </Link>
        <Link
          key="1021"
          rel="noopener noreferrer"
          target="_blank"
          to="/notifications/1021"
        >
          <div
            className="item "
          >
            <div
              className="prof-ico"
            >
              <img
                alt=""
                src="https://i0.wp.com/worldbusinessfitness.com/wp-content/uploads/2018/06/opulent-profile-square-02.jpg"
              />
            </div>
            <div
              className="content"
            >
              <p>
                <span
                  className="txt-b txt-name"
                >
                  Mia Brian
                </span>
                <span>
                  commented 
                  sed do eiusmod tempor incididunt ut labore et dolore
                </span>
              </p>
              <p
                className="time"
              >
                8 October 2021
              </p>
            </div>
          </div>
        </Link>
        <Link
          key="1022"
          rel="noopener noreferrer"
          target="_blank"
          to="/notifications/1022"
        >
          <div
            className="item "
          >
            <div
              className="prof-ico"
            >
              <img
                alt=""
                src="https://www.eventiz.biz/wp-content/uploads/2015/12/speaker-3.jpg"
              />
            </div>
            <div
              className="content"
            >
              <p>
                <span
                  className="txt-b txt-name"
                >
                  Carl Broemel
                </span>
                <span>
                  commented 
                  minim veniam, quis nostrud exercitation
                </span>
              </p>
              <p
                className="time"
              >
                20 October 2021
              </p>
            </div>
          </div>
        </Link>
        <Link
          key="1023"
          rel="noopener noreferrer"
          target="_blank"
          to="/notifications/1023"
        >
          <div
            className="item "
          >
            <div
              className="prof-ico"
            >
              <img
                alt=""
                src="https://encrypted-tbn0.gstatic.com/images?q=tbn%3AANd9GcQGfF_3ycXBYHLIC4NWYcovKN8W_dsy98dqQw&usqp=CAU"
              />
            </div>
            <div
              className="content"
            >
              <p>
                <span
                  className="txt-b txt-name"
                >
                  Dan Auerbach
                </span>
                <span>
                  commented 
                  Excepteur sint occaecat cupidatat non proident
                </span>
              </p>
              <p
                className="time"
              >
                18 April 2012
              </p>
            </div>
          </div>
        </Link>
        <Link
          key="1024"
          rel="noopener noreferrer"
          target="_blank"
          to="/notifications/1024"
        >
          <div
            className="item "
          >
            <div
              className="prof-ico"
            >
              <img
                alt=""
                src="https://uilove.in/realestate/listo/preview/img/demo/profile.jpg"
              />
            </div>
            <div
              className="content"
            >
              <p>
                <span
                  className="txt-b txt-name"
                >
                  Alex Lifeson
                </span>
                <span>
                  commented 
                  Lorem ipsum dolor sit amet, consectetur adipiscing
                </span>
              </p>
              <p
                className="time"
              >
                15 September 2021
              </p>
            </div>
          </div>
        </Link>
      </div>
      <div
        className="footer"
      >
        <Link
          rel="noopener noreferrer"
          target="_blank"
          to="/notifications"
        >
          See all notifications
        </Link>
      </div>
    </div>
    <div
      className="overlay"
      onClick={[Function]}
    />
  </div>
</div>
`;
